BEGIN Good Behavior Tests
Test goodBehavior_readMessage successful!
FAILURE BECAUSE: expected ":C123;" and actual was ":E1Error: No such service. Message was"J123";".
Actual: strcmp( expected, Serial.outBuffer ) == 0 = FALSE
Expected: True
Assertion failed!
More Info: File "test/testld.cpp"
Line: 133 Function: "goodBehavior_loop"
Expected: 2 = 2
Actual: sscanf( Serial.outBuffer, "%c%d%*s", &type, &id ) = 1
Assertion of "2 == sscanf( Serial.outBuffer, "%c%d%*s", &type, &id )" failed!
More Info: File "test/testld.cpp"
Line: 143 Function: "goodBehavior_loop"
Expected: ROBOT_RESPONSE_ERROR = 69
Actual: type = 58
Assertion of "ROBOT_RESPONSE_ERROR == type" failed!
More Info: File "test/testld.cpp"
Line: 144 Function: "goodBehavior_loop"
Expected: ROBOT_SERIAL_ERROR_NO_SERVICE = 1
Actual: id = 25
Assertion of "ROBOT_SERIAL_ERROR_NO_SERVICE == id" failed!
More Info: File "test/testld.cpp"
Line: 145 Function: "goodBehavior_loop"
Expected: 2 = 2
Actual: sscanf( Serial.outBuffer, "%c%d%*s", &type, &id ) = 1
Assertion of "2 == sscanf( Serial.outBuffer, "%c%d%*s", &type, &id )" failed!
More Info: File "test/testld.cpp"
Line: 155 Function: "goodBehavior_loop"
Expected: ROBOT_RESPONSE_ERROR = 69
Actual: type = 58
Assertion of "ROBOT_RESPONSE_ERROR == type" failed!
More Info: File "test/testld.cpp"
Line: 156 Function: "goodBehavior_loop"
Expected: ROBOT_SERIAL_ERROR_BAD_MESSAGE = 1
Actual: id = 25
Assertion of "ROBOT_SERIAL_ERROR_BAD_MESSAGE == id" failed!
More Info: File "test/testld.cpp"
Line: 157 Function: "goodBehavior_loop"
Expected: 2 = 2
Actual: sscanf( Serial.outBuffer, "%c%d%*s", &type, &id ) = 1
Assertion of "2 == sscanf( Serial.outBuffer, "%c%d%*s", &type, &id )" failed!
More Info: File "test/testld.cpp"
Line: 162 Function: "goodBehavior_loop"
Expected: ROBOT_RESPONSE_ERROR = 69
Actual: type = 58
Assertion of "ROBOT_RESPONSE_ERROR == type" failed!
More Info: File "test/testld.cpp"
Line: 163 Function: "goodBehavior_loop"
Expected: ROBOT_SERIAL_ERROR_BAD_MESSAGE = 1
Actual: id = 25
Assertion of "ROBOT_SERIAL_ERROR_BAD_MESSAGE == id" failed!
More Info: File "test/testld.cpp"
Line: 164 Function: "goodBehavior_loop"
Expected: 0 = 0
Actual: strlen( Serial.outBuffer ) = 176
Assertion of "0 == strlen( Serial.outBuffer )" failed!
More Info: File "test/testld.cpp"
Line: 174 Function: "goodBehavior_loop"
Expected: 0 = 0
Actual: strlen( Serial.outBuffer ) = 225
Assertion of "0 == strlen( Serial.outBuffer )" failed!
More Info: File "test/testld.cpp"
Line: 179 Function: "goodBehavior_loop"
END Good Behavior Tests
4 of 16 assertions successful!
1 of 2 tests successful!
Failure!
